test_01() {
    return "test_01";
}
test_02() {
    return "test_02";
}
test_03() {
    return "test_03";
}
test_04() {
    return "test_04";
}
