test_01() {
    return "test_01";
}
test_02() {
    return "test_02";
}
